[2023-03-26T02:19:56.409+0530][gc] Using G1
[2023-03-26T02:19:56.418+0530][gc,init] Version: 17.0.6+10 (release)
[2023-03-26T02:19:56.418+0530][gc,init] CPUs: 12 total, 12 available
[2023-03-26T02:19:56.418+0530][gc,init] Memory: 7305M
[2023-03-26T02:19:56.418+0530][gc,init] Large Page Support: Disabled
[2023-03-26T02:19:56.418+0530][gc,init] NUMA Support: Disabled
[2023-03-26T02:19:56.418+0530][gc,init] Compressed Oops: Enabled (32-bit)
[2023-03-26T02:19:56.418+0530][gc,init] Heap Region Size: 1M
[2023-03-26T02:19:56.418+0530][gc,init] Heap Min Capacity: 1G
[2023-03-26T02:19:56.418+0530][gc,init] Heap Initial Capacity: 1G
[2023-03-26T02:19:56.418+0530][gc,init] Heap Max Capacity: 1G
[2023-03-26T02:19:56.418+0530][gc,init] Pre-touch: Disabled
[2023-03-26T02:19:56.418+0530][gc,init] Parallel Workers: 10
[2023-03-26T02:19:56.418+0530][gc,init] Concurrent Workers: 3
[2023-03-26T02:19:56.418+0530][gc,init] Concurrent Refinement Workers: 10
[2023-03-26T02:19:56.418+0530][gc,init] Periodic GC: Disabled
[2023-03-26T02:19:56.418+0530][gc,metaspace] CDS archive(s) mapped at: [0x0000000800000000-0x0000000800be1000-0x0000000800be1000), size 12455936, SharedBaseAddress: 0x0000000800000000, ArchiveRelocationMode: 0.
[2023-03-26T02:19:56.418+0530][gc,metaspace] Compressed class space mapped at: 0x0000000800c00000-0x0000000840c00000, reserved size: 1073741824
[2023-03-26T02:19:56.418+0530][gc,metaspace] Narrow klass base: 0x0000000800000000, Narrow klass shift: 0, Narrow klass range: 0x100000000
[2023-03-26T02:19:57.381+0530][gc,start    ] GC(0) Pause Young (Normal) (G1 Evacuation Pause)
[2023-03-26T02:19:57.383+0530][gc,task     ] GC(0) Using 10 workers of 10 for evacuation
[2023-03-26T02:19:57.388+0530][gc,phases   ] GC(0)   Pre Evacuate Collection Set: 0.1ms
[2023-03-26T02:19:57.388+0530][gc,phases   ] GC(0)   Merge Heap Roots: 0.1ms
[2023-03-26T02:19:57.388+0530][gc,phases   ] GC(0)   Evacuate Collection Set: 3.7ms
[2023-03-26T02:19:57.388+0530][gc,phases   ] GC(0)   Post Evacuate Collection Set: 1.0ms
[2023-03-26T02:19:57.388+0530][gc,phases   ] GC(0)   Other: 1.4ms
[2023-03-26T02:19:57.388+0530][gc,heap     ] GC(0) Eden regions: 51->0(44)
[2023-03-26T02:19:57.388+0530][gc,heap     ] GC(0) Survivor regions: 0->7(7)
[2023-03-26T02:19:57.388+0530][gc,heap     ] GC(0) Old regions: 0->1
[2023-03-26T02:19:57.388+0530][gc,heap     ] GC(0) Archive regions: 2->2
[2023-03-26T02:19:57.388+0530][gc,heap     ] GC(0) Humongous regions: 0->0
[2023-03-26T02:19:57.388+0530][gc,metaspace] GC(0) Metaspace: 18767K(19008K)->18767K(19008K) NonClass: 16537K(16640K)->16537K(16640K) Class: 2230K(2368K)->2230K(2368K)
[2023-03-26T02:19:57.388+0530][gc          ] GC(0) Pause Young (Normal) (G1 Evacuation Pause) 51M->8M(1024M) 6.563ms
[2023-03-26T02:19:57.388+0530][gc,cpu      ] GC(0) User=0.02s Sys=0.00s Real=0.01s
[2023-03-26T02:19:57.727+0530][gc,start    ] GC(1) Pause Young (Concurrent Start) (Metadata GC Threshold)
[2023-03-26T02:19:57.727+0530][gc,task     ] GC(1) Using 10 workers of 10 for evacuation
[2023-03-26T02:19:57.733+0530][gc,phases   ] GC(1)   Pre Evacuate Collection Set: 0.2ms
[2023-03-26T02:19:57.733+0530][gc,phases   ] GC(1)   Merge Heap Roots: 0.1ms
[2023-03-26T02:19:57.733+0530][gc,phases   ] GC(1)   Evacuate Collection Set: 4.5ms
[2023-03-26T02:19:57.733+0530][gc,phases   ] GC(1)   Post Evacuate Collection Set: 0.8ms
[2023-03-26T02:19:57.733+0530][gc,phases   ] GC(1)   Other: 0.4ms
[2023-03-26T02:19:57.733+0530][gc,heap     ] GC(1) Eden regions: 12->0(49)
[2023-03-26T02:19:57.733+0530][gc,heap     ] GC(1) Survivor regions: 7->2(7)
[2023-03-26T02:19:57.733+0530][gc,heap     ] GC(1) Old regions: 1->8
[2023-03-26T02:19:57.733+0530][gc,heap     ] GC(1) Archive regions: 2->2
[2023-03-26T02:19:57.733+0530][gc,heap     ] GC(1) Humongous regions: 129->129
[2023-03-26T02:19:57.733+0530][gc,metaspace] GC(1) Metaspace: 21273K(21504K)->21273K(21504K) NonClass: 18714K(18816K)->18714K(18816K) Class: 2558K(2688K)->2558K(2688K)
[2023-03-26T02:19:57.733+0530][gc          ] GC(1) Pause Young (Concurrent Start) (Metadata GC Threshold) 148M->138M(1024M) 6.050ms
[2023-03-26T02:19:57.733+0530][gc,cpu      ] GC(1) User=0.02s Sys=0.02s Real=0.01s
[2023-03-26T02:19:57.733+0530][gc          ] GC(2) Concurrent Mark Cycle
[2023-03-26T02:19:57.733+0530][gc,marking  ] GC(2) Concurrent Clear Claimed Marks
[2023-03-26T02:19:57.733+0530][gc,marking  ] GC(2) Concurrent Clear Claimed Marks 0.027ms
[2023-03-26T02:19:57.733+0530][gc,marking  ] GC(2) Concurrent Scan Root Regions
[2023-03-26T02:19:57.735+0530][gc,marking  ] GC(2) Concurrent Scan Root Regions 1.985ms
[2023-03-26T02:19:57.735+0530][gc,marking  ] GC(2) Concurrent Mark
[2023-03-26T02:19:57.735+0530][gc,marking  ] GC(2) Concurrent Mark From Roots
[2023-03-26T02:19:57.735+0530][gc,task     ] GC(2) Using 3 workers of 3 for marking
[2023-03-26T02:19:57.737+0530][gc,marking  ] GC(2) Concurrent Mark From Roots 1.910ms
[2023-03-26T02:19:57.737+0530][gc,marking  ] GC(2) Concurrent Preclean
[2023-03-26T02:19:57.737+0530][gc,marking  ] GC(2) Concurrent Preclean 0.075ms
[2023-03-26T02:19:57.738+0530][gc,start    ] GC(2) Pause Remark
[2023-03-26T02:19:57.740+0530][gc          ] GC(2) Pause Remark 139M->139M(1024M) 2.260ms
[2023-03-26T02:19:57.740+0530][gc,cpu      ] GC(2) User=0.01s Sys=0.00s Real=0.00s
[2023-03-26T02:19:57.740+0530][gc,marking  ] GC(2) Concurrent Mark 5.009ms
[2023-03-26T02:19:57.740+0530][gc,marking  ] GC(2) Concurrent Rebuild Remembered Sets
[2023-03-26T02:19:57.742+0530][gc,marking  ] GC(2) Concurrent Rebuild Remembered Sets 1.712ms
[2023-03-26T02:19:57.742+0530][gc,start    ] GC(2) Pause Cleanup
[2023-03-26T02:19:57.742+0530][gc          ] GC(2) Pause Cleanup 139M->139M(1024M) 0.126ms
[2023-03-26T02:19:57.742+0530][gc,cpu      ] GC(2) User=0.00s Sys=0.00s Real=0.00s
[2023-03-26T02:19:57.742+0530][gc,marking  ] GC(2) Concurrent Cleanup for Next Mark
[2023-03-26T02:19:57.746+0530][gc,marking  ] GC(2) Concurrent Cleanup for Next Mark 4.337ms
[2023-03-26T02:19:57.747+0530][gc          ] GC(2) Concurrent Mark Cycle 13.774ms
[2023-03-26T02:19:58.423+0530][gc,heap,exit] Heap
[2023-03-26T02:19:58.423+0530][gc,heap,exit]  garbage-first heap   total 1048576K, used 182019K [0x00000000c0000000, 0x0000000100000000)
[2023-03-26T02:19:58.423+0530][gc,heap,exit]   region size 1024K, 41 young (41984K), 2 survivors (2048K)
[2023-03-26T02:19:58.423+0530][gc,heap,exit]  Metaspace       used 29378K, committed 29632K, reserved 1081344K
[2023-03-26T02:19:58.423+0530][gc,heap,exit]   class space    used 3415K, committed 3520K, reserved 1048576K
