[2023-03-25T23:48:12.533+0530][gc] Using G1
[2023-03-25T23:48:12.541+0530][gc,init] Version: 17.0.6+10 (release)
[2023-03-25T23:48:12.542+0530][gc,init] CPUs: 12 total, 12 available
[2023-03-25T23:48:12.542+0530][gc,init] Memory: 7305M
[2023-03-25T23:48:12.542+0530][gc,init] Large Page Support: Disabled
[2023-03-25T23:48:12.542+0530][gc,init] NUMA Support: Disabled
[2023-03-25T23:48:12.542+0530][gc,init] Compressed Oops: Enabled (32-bit)
[2023-03-25T23:48:12.542+0530][gc,init] Heap Region Size: 1M
[2023-03-25T23:48:12.542+0530][gc,init] Heap Min Capacity: 1G
[2023-03-25T23:48:12.542+0530][gc,init] Heap Initial Capacity: 1G
[2023-03-25T23:48:12.542+0530][gc,init] Heap Max Capacity: 1G
[2023-03-25T23:48:12.542+0530][gc,init] Pre-touch: Disabled
[2023-03-25T23:48:12.542+0530][gc,init] Parallel Workers: 10
[2023-03-25T23:48:12.542+0530][gc,init] Concurrent Workers: 3
[2023-03-25T23:48:12.542+0530][gc,init] Concurrent Refinement Workers: 10
[2023-03-25T23:48:12.542+0530][gc,init] Periodic GC: Disabled
[2023-03-25T23:48:12.542+0530][gc,metaspace] CDS archive(s) mapped at: [0x0000000800000000-0x0000000800be1000-0x0000000800be1000), size 12455936, SharedBaseAddress: 0x0000000800000000, ArchiveRelocationMode: 0.
[2023-03-25T23:48:12.542+0530][gc,metaspace] Compressed class space mapped at: 0x0000000800c00000-0x0000000840c00000, reserved size: 1073741824
[2023-03-25T23:48:12.542+0530][gc,metaspace] Narrow klass base: 0x0000000800000000, Narrow klass shift: 0, Narrow klass range: 0x100000000
[2023-03-25T23:48:13.720+0530][gc,start    ] GC(0) Pause Young (Normal) (G1 Evacuation Pause)
[2023-03-25T23:48:13.721+0530][gc,task     ] GC(0) Using 10 workers of 10 for evacuation
[2023-03-25T23:48:13.726+0530][gc,phases   ] GC(0)   Pre Evacuate Collection Set: 0.1ms
[2023-03-25T23:48:13.726+0530][gc,phases   ] GC(0)   Merge Heap Roots: 0.1ms
[2023-03-25T23:48:13.726+0530][gc,phases   ] GC(0)   Evacuate Collection Set: 4.0ms
[2023-03-25T23:48:13.726+0530][gc,phases   ] GC(0)   Post Evacuate Collection Set: 0.9ms
[2023-03-25T23:48:13.726+0530][gc,phases   ] GC(0)   Other: 1.2ms
[2023-03-25T23:48:13.726+0530][gc,heap     ] GC(0) Eden regions: 51->0(44)
[2023-03-25T23:48:13.726+0530][gc,heap     ] GC(0) Survivor regions: 0->7(7)
[2023-03-25T23:48:13.726+0530][gc,heap     ] GC(0) Old regions: 0->1
[2023-03-25T23:48:13.726+0530][gc,heap     ] GC(0) Archive regions: 2->2
[2023-03-25T23:48:13.726+0530][gc,heap     ] GC(0) Humongous regions: 0->0
[2023-03-25T23:48:13.726+0530][gc,metaspace] GC(0) Metaspace: 18592K(18816K)->18592K(18816K) NonClass: 16384K(16512K)->16384K(16512K) Class: 2208K(2304K)->2208K(2304K)
[2023-03-25T23:48:13.726+0530][gc          ] GC(0) Pause Young (Normal) (G1 Evacuation Pause) 51M->8M(1024M) 6.388ms
[2023-03-25T23:48:13.726+0530][gc,cpu      ] GC(0) User=0.03s Sys=0.01s Real=0.00s
[2023-03-25T23:48:13.957+0530][gc,start    ] GC(1) Pause Young (Concurrent Start) (Metadata GC Threshold)
[2023-03-25T23:48:13.957+0530][gc,task     ] GC(1) Using 10 workers of 10 for evacuation
[2023-03-25T23:48:13.962+0530][gc,phases   ] GC(1)   Pre Evacuate Collection Set: 0.1ms
[2023-03-25T23:48:13.962+0530][gc,phases   ] GC(1)   Merge Heap Roots: 0.1ms
[2023-03-25T23:48:13.962+0530][gc,phases   ] GC(1)   Evacuate Collection Set: 3.8ms
[2023-03-25T23:48:13.962+0530][gc,phases   ] GC(1)   Post Evacuate Collection Set: 0.7ms
[2023-03-25T23:48:13.962+0530][gc,phases   ] GC(1)   Other: 0.3ms
[2023-03-25T23:48:13.962+0530][gc,heap     ] GC(1) Eden regions: 12->0(49)
[2023-03-25T23:48:13.962+0530][gc,heap     ] GC(1) Survivor regions: 7->2(7)
[2023-03-25T23:48:13.962+0530][gc,heap     ] GC(1) Old regions: 1->8
[2023-03-25T23:48:13.962+0530][gc,heap     ] GC(1) Archive regions: 2->2
[2023-03-25T23:48:13.962+0530][gc,heap     ] GC(1) Humongous regions: 129->129
[2023-03-25T23:48:13.962+0530][gc,metaspace] GC(1) Metaspace: 21271K(21504K)->21271K(21504K) NonClass: 18716K(18816K)->18716K(18816K) Class: 2554K(2688K)->2554K(2688K)
[2023-03-25T23:48:13.962+0530][gc          ] GC(1) Pause Young (Concurrent Start) (Metadata GC Threshold) 149M->138M(1024M) 5.132ms
[2023-03-25T23:48:13.962+0530][gc,cpu      ] GC(1) User=0.03s Sys=0.01s Real=0.01s
[2023-03-25T23:48:13.962+0530][gc          ] GC(2) Concurrent Mark Cycle
[2023-03-25T23:48:13.962+0530][gc,marking  ] GC(2) Concurrent Clear Claimed Marks
[2023-03-25T23:48:13.962+0530][gc,marking  ] GC(2) Concurrent Clear Claimed Marks 0.027ms
[2023-03-25T23:48:13.962+0530][gc,marking  ] GC(2) Concurrent Scan Root Regions
[2023-03-25T23:48:13.964+0530][gc,marking  ] GC(2) Concurrent Scan Root Regions 1.950ms
[2023-03-25T23:48:13.964+0530][gc,marking  ] GC(2) Concurrent Mark
[2023-03-25T23:48:13.964+0530][gc,marking  ] GC(2) Concurrent Mark From Roots
[2023-03-25T23:48:13.964+0530][gc,task     ] GC(2) Using 3 workers of 3 for marking
[2023-03-25T23:48:13.966+0530][gc,marking  ] GC(2) Concurrent Mark From Roots 1.404ms
[2023-03-25T23:48:13.966+0530][gc,marking  ] GC(2) Concurrent Preclean
[2023-03-25T23:48:13.966+0530][gc,marking  ] GC(2) Concurrent Preclean 0.077ms
[2023-03-25T23:48:13.966+0530][gc,start    ] GC(2) Pause Remark
[2023-03-25T23:48:13.967+0530][gc          ] GC(2) Pause Remark 139M->139M(1024M) 1.680ms
[2023-03-25T23:48:13.968+0530][gc,cpu      ] GC(2) User=0.00s Sys=0.00s Real=0.01s
[2023-03-25T23:48:13.968+0530][gc,marking  ] GC(2) Concurrent Mark 3.462ms
[2023-03-25T23:48:13.968+0530][gc,marking  ] GC(2) Concurrent Rebuild Remembered Sets
[2023-03-25T23:48:13.970+0530][gc,marking  ] GC(2) Concurrent Rebuild Remembered Sets 2.346ms
[2023-03-25T23:48:13.970+0530][gc,start    ] GC(2) Pause Cleanup
[2023-03-25T23:48:13.970+0530][gc          ] GC(2) Pause Cleanup 139M->139M(1024M) 0.172ms
[2023-03-25T23:48:13.970+0530][gc,cpu      ] GC(2) User=0.00s Sys=0.00s Real=0.00s
[2023-03-25T23:48:13.970+0530][gc,marking  ] GC(2) Concurrent Cleanup for Next Mark
[2023-03-25T23:48:13.973+0530][gc,marking  ] GC(2) Concurrent Cleanup for Next Mark 2.966ms
[2023-03-25T23:48:13.973+0530][gc          ] GC(2) Concurrent Mark Cycle 11.333ms
[2023-03-25T23:48:14.532+0530][gc,start    ] GC(3) Pause Young (Normal) (G1 Evacuation Pause)
[2023-03-25T23:48:14.532+0530][gc,task     ] GC(3) Using 10 workers of 10 for evacuation
[2023-03-25T23:48:14.536+0530][gc,phases   ] GC(3)   Pre Evacuate Collection Set: 0.1ms
[2023-03-25T23:48:14.536+0530][gc,phases   ] GC(3)   Merge Heap Roots: 0.1ms
[2023-03-25T23:48:14.536+0530][gc,phases   ] GC(3)   Evacuate Collection Set: 2.5ms
[2023-03-25T23:48:14.536+0530][gc,phases   ] GC(3)   Post Evacuate Collection Set: 0.8ms
[2023-03-25T23:48:14.536+0530][gc,phases   ] GC(3)   Other: 0.2ms
[2023-03-25T23:48:14.536+0530][gc,heap     ] GC(3) Eden regions: 49->0(45)
[2023-03-25T23:48:14.536+0530][gc,heap     ] GC(3) Survivor regions: 2->6(7)
[2023-03-25T23:48:14.536+0530][gc,heap     ] GC(3) Old regions: 8->8
[2023-03-25T23:48:14.536+0530][gc,heap     ] GC(3) Archive regions: 2->2
[2023-03-25T23:48:14.536+0530][gc,heap     ] GC(3) Humongous regions: 129->129
[2023-03-25T23:48:14.536+0530][gc,metaspace] GC(3) Metaspace: 32800K(33088K)->32800K(33088K) NonClass: 29114K(29248K)->29114K(29248K) Class: 3685K(3840K)->3685K(3840K)
[2023-03-25T23:48:14.536+0530][gc          ] GC(3) Pause Young (Normal) (G1 Evacuation Pause) 187M->142M(1024M) 3.765ms
[2023-03-25T23:48:14.536+0530][gc,cpu      ] GC(3) User=0.02s Sys=0.01s Real=0.00s
