[2023-03-29T06:14:15.760+0530][gc,heap] Heap region size: 1M
[2023-03-29T06:14:15.773+0530][gc     ] Using G1
[2023-03-29T06:14:15.773+0530][gc,heap,coops] Heap address: 0x00000000c0000000, size: 1024 MB, Compressed Oops mode: 32-bit
[2023-03-29T06:14:16.533+0530][gc,start     ] GC(0) Pause Young (Concurrent Start) (Metadata GC Threshold)
[2023-03-29T06:14:16.533+0530][gc,task      ] GC(0) Using 10 workers of 10 for evacuation
[2023-03-29T06:14:16.540+0530][gc,phases    ] GC(0)   Pre Evacuate Collection Set: 0.0ms
[2023-03-29T06:14:16.540+0530][gc,phases    ] GC(0)   Evacuate Collection Set: 6.1ms
[2023-03-29T06:14:16.540+0530][gc,phases    ] GC(0)   Post Evacuate Collection Set: 0.4ms
[2023-03-29T06:14:16.540+0530][gc,phases    ] GC(0)   Other: 0.8ms
[2023-03-29T06:14:16.540+0530][gc,heap      ] GC(0) Eden regions: 46->0(44)
[2023-03-29T06:14:16.540+0530][gc,heap      ] GC(0) Survivor regions: 0->7(7)
[2023-03-29T06:14:16.540+0530][gc,heap      ] GC(0) Old regions: 0->1
[2023-03-29T06:14:16.540+0530][gc,heap      ] GC(0) Humongous regions: 0->0
[2023-03-29T06:14:16.540+0530][gc,metaspace ] GC(0) Metaspace: 20781K(21296K)->20781K(21296K) NonClass: 18543K(18864K)->18543K(18864K) Class: 2238K(2432K)->2238K(2432K)
[2023-03-29T06:14:16.540+0530][gc           ] GC(0) Pause Young (Concurrent Start) (Metadata GC Threshold) 45M->7M(1024M) 7.479ms
[2023-03-29T06:14:16.540+0530][gc,cpu       ] GC(0) User=0.02s Sys=0.01s Real=0.01s
[2023-03-29T06:14:16.540+0530][gc           ] GC(1) Concurrent Cycle
[2023-03-29T06:14:16.540+0530][gc,marking   ] GC(1) Concurrent Clear Claimed Marks
[2023-03-29T06:14:16.540+0530][gc,marking   ] GC(1) Concurrent Clear Claimed Marks 0.013ms
[2023-03-29T06:14:16.540+0530][gc,marking   ] GC(1) Concurrent Scan Root Regions
[2023-03-29T06:14:16.541+0530][gc,marking   ] GC(1) Concurrent Scan Root Regions 1.219ms
[2023-03-29T06:14:16.541+0530][gc,marking   ] GC(1) Concurrent Mark (0.785s)
[2023-03-29T06:14:16.541+0530][gc,marking   ] GC(1) Concurrent Mark From Roots
[2023-03-29T06:14:16.541+0530][gc,task      ] GC(1) Using 3 workers of 3 for marking
[2023-03-29T06:14:16.542+0530][gc,marking   ] GC(1) Concurrent Mark From Roots 0.286ms
[2023-03-29T06:14:16.542+0530][gc,marking   ] GC(1) Concurrent Preclean
[2023-03-29T06:14:16.542+0530][gc,marking   ] GC(1) Concurrent Preclean 0.048ms
[2023-03-29T06:14:16.542+0530][gc,marking   ] GC(1) Concurrent Mark (0.785s, 0.785s) 0.349ms
[2023-03-29T06:14:16.542+0530][gc,start     ] GC(1) Pause Remark
[2023-03-29T06:14:16.543+0530][gc,stringtable] GC(1) Cleaned string and symbol table, strings: 7441 processed, 0 removed, symbols: 65200 processed, 36 removed
[2023-03-29T06:14:16.544+0530][gc            ] GC(1) Pause Remark 7M->7M(1024M) 1.777ms
[2023-03-29T06:14:16.544+0530][gc,cpu        ] GC(1) User=0.01s Sys=0.00s Real=0.00s
[2023-03-29T06:14:16.544+0530][gc,marking    ] GC(1) Concurrent Rebuild Remembered Sets
[2023-03-29T06:14:16.544+0530][gc,marking    ] GC(1) Concurrent Rebuild Remembered Sets 0.106ms
[2023-03-29T06:14:16.544+0530][gc,start      ] GC(1) Pause Cleanup
[2023-03-29T06:14:16.544+0530][gc            ] GC(1) Pause Cleanup 7M->7M(1024M) 0.175ms
[2023-03-29T06:14:16.544+0530][gc,cpu        ] GC(1) User=0.01s Sys=0.00s Real=0.00s
[2023-03-29T06:14:16.544+0530][gc,marking    ] GC(1) Concurrent Cleanup for Next Mark
[2023-03-29T06:14:16.550+0530][gc,marking    ] GC(1) Concurrent Cleanup for Next Mark 5.751ms
[2023-03-29T06:14:16.550+0530][gc            ] GC(1) Concurrent Cycle 9.949ms
[2023-03-29T06:14:17.288+0530][gc,start      ] GC(2) Pause Young (Normal) (G1 Evacuation Pause)
[2023-03-29T06:14:17.288+0530][gc,task       ] GC(2) Using 10 workers of 10 for evacuation
[2023-03-29T06:14:17.294+0530][gc,phases     ] GC(2)   Pre Evacuate Collection Set: 0.0ms
[2023-03-29T06:14:17.294+0530][gc,phases     ] GC(2)   Evacuate Collection Set: 4.6ms
[2023-03-29T06:14:17.294+0530][gc,phases     ] GC(2)   Post Evacuate Collection Set: 0.5ms
[2023-03-29T06:14:17.294+0530][gc,phases     ] GC(2)   Other: 0.1ms
[2023-03-29T06:14:17.294+0530][gc,heap       ] GC(2) Eden regions: 44->0(48)
[2023-03-29T06:14:17.294+0530][gc,heap       ] GC(2) Survivor regions: 7->3(7)
[2023-03-29T06:14:17.294+0530][gc,heap       ] GC(2) Old regions: 1->7
[2023-03-29T06:14:17.294+0530][gc,heap       ] GC(2) Humongous regions: 129->129
[2023-03-29T06:14:17.294+0530][gc,metaspace  ] GC(2) Metaspace: 29674K(30640K)->29674K(30640K) NonClass: 26259K(26800K)->26259K(26800K) Class: 3415K(3840K)->3415K(3840K)
[2023-03-29T06:14:17.294+0530][gc            ] GC(2) Pause Young (Normal) (G1 Evacuation Pause) 180M->138M(1024M) 5.399ms
[2023-03-29T06:14:17.294+0530][gc,cpu        ] GC(2) User=0.03s Sys=0.01s Real=0.00s
[2023-03-29T06:14:17.497+0530][gc,start      ] GC(3) Pause Young (Concurrent Start) (Metadata GC Threshold)
[2023-03-29T06:14:17.497+0530][gc,task       ] GC(3) Using 10 workers of 10 for evacuation
[2023-03-29T06:14:17.501+0530][gc,phases     ] GC(3)   Pre Evacuate Collection Set: 0.1ms
[2023-03-29T06:14:17.501+0530][gc,phases     ] GC(3)   Evacuate Collection Set: 3.8ms
[2023-03-29T06:14:17.501+0530][gc,phases     ] GC(3)   Post Evacuate Collection Set: 0.4ms
[2023-03-29T06:14:17.501+0530][gc,phases     ] GC(3)   Other: 0.2ms
[2023-03-29T06:14:17.501+0530][gc,heap       ] GC(3) Eden regions: 27->0(48)
[2023-03-29T06:14:17.501+0530][gc,heap       ] GC(3) Survivor regions: 3->3(7)
[2023-03-29T06:14:17.501+0530][gc,heap       ] GC(3) Old regions: 7->7
[2023-03-29T06:14:17.501+0530][gc,heap       ] GC(3) Humongous regions: 129->129
[2023-03-29T06:14:17.501+0530][gc,metaspace  ] GC(3) Metaspace: 34823K(35632K)->34823K(35632K) NonClass: 30993K(31408K)->30993K(31408K) Class: 3830K(4224K)->3830K(4224K)
[2023-03-29T06:14:17.502+0530][gc            ] GC(3) Pause Young (Concurrent Start) (Metadata GC Threshold) 164M->138M(1024M) 4.553ms
[2023-03-29T06:14:17.502+0530][gc,cpu        ] GC(3) User=0.02s Sys=0.00s Real=0.01s
[2023-03-29T06:14:17.502+0530][gc            ] GC(4) Concurrent Cycle
[2023-03-29T06:14:17.502+0530][gc,marking    ] GC(4) Concurrent Clear Claimed Marks
[2023-03-29T06:14:17.502+0530][gc,marking    ] GC(4) Concurrent Clear Claimed Marks 0.101ms
[2023-03-29T06:14:17.502+0530][gc,marking    ] GC(4) Concurrent Scan Root Regions
[2023-03-29T06:14:17.503+0530][gc,marking    ] GC(4) Concurrent Scan Root Regions 1.112ms
[2023-03-29T06:14:17.503+0530][gc,marking    ] GC(4) Concurrent Mark (1.746s)
[2023-03-29T06:14:17.503+0530][gc,marking    ] GC(4) Concurrent Mark From Roots
[2023-03-29T06:14:17.503+0530][gc,task       ] GC(4) Using 3 workers of 3 for marking
[2023-03-29T06:14:17.506+0530][gc,marking    ] GC(4) Concurrent Mark From Roots 3.461ms
[2023-03-29T06:14:17.506+0530][gc,marking    ] GC(4) Concurrent Preclean
[2023-03-29T06:14:17.507+0530][gc,marking    ] GC(4) Concurrent Preclean 0.142ms
[2023-03-29T06:14:17.507+0530][gc,marking    ] GC(4) Concurrent Mark (1.746s, 1.750s) 3.666ms
[2023-03-29T06:14:17.507+0530][gc,start      ] GC(4) Pause Remark
[2023-03-29T06:14:17.508+0530][gc,stringtable] GC(4) Cleaned string and symbol table, strings: 11198 processed, 10 removed, symbols: 97450 processed, 24 removed
[2023-03-29T06:14:17.509+0530][gc            ] GC(4) Pause Remark 139M->139M(1024M) 1.898ms
[2023-03-29T06:14:17.509+0530][gc,cpu        ] GC(4) User=0.01s Sys=0.01s Real=0.01s
[2023-03-29T06:14:17.509+0530][gc,marking    ] GC(4) Concurrent Rebuild Remembered Sets
[2023-03-29T06:14:17.510+0530][gc,marking    ] GC(4) Concurrent Rebuild Remembered Sets 1.705ms
[2023-03-29T06:14:17.510+0530][gc,start      ] GC(4) Pause Cleanup
[2023-03-29T06:14:17.511+0530][gc            ] GC(4) Pause Cleanup 139M->139M(1024M) 0.122ms
[2023-03-29T06:14:17.511+0530][gc,cpu        ] GC(4) User=0.00s Sys=0.00s Real=0.00s
[2023-03-29T06:14:17.511+0530][gc,marking    ] GC(4) Concurrent Cleanup for Next Mark
[2023-03-29T06:14:17.514+0530][gc,marking    ] GC(4) Concurrent Cleanup for Next Mark 3.349ms
[2023-03-29T06:14:17.514+0530][gc            ] GC(4) Concurrent Cycle 12.488ms
[2023-03-29T06:14:17.969+0530][gc,start      ] GC(5) Pause Young (Normal) (G1 Evacuation Pause)
[2023-03-29T06:14:17.969+0530][gc,task       ] GC(5) Using 10 workers of 10 for evacuation
[2023-03-29T06:14:17.973+0530][gc,phases     ] GC(5)   Pre Evacuate Collection Set: 0.0ms
[2023-03-29T06:14:17.973+0530][gc,phases     ] GC(5)   Evacuate Collection Set: 3.3ms
[2023-03-29T06:14:17.973+0530][gc,phases     ] GC(5)   Post Evacuate Collection Set: 0.6ms
[2023-03-29T06:14:17.973+0530][gc,phases     ] GC(5)   Other: 0.2ms
[2023-03-29T06:14:17.973+0530][gc,heap       ] GC(5) Eden regions: 48->0(44)
[2023-03-29T06:14:17.973+0530][gc,heap       ] GC(5) Survivor regions: 3->7(7)
[2023-03-29T06:14:17.973+0530][gc,heap       ] GC(5) Old regions: 7->7
[2023-03-29T06:14:17.973+0530][gc,heap       ] GC(5) Humongous regions: 129->129
[2023-03-29T06:14:17.973+0530][gc,metaspace  ] GC(5) Metaspace: 42742K(44336K)->42742K(44336K) NonClass: 37943K(38832K)->37943K(38832K) Class: 4798K(5504K)->4798K(5504K)
[2023-03-29T06:14:17.973+0530][gc            ] GC(5) Pause Young (Normal) (G1 Evacuation Pause) 186M->142M(1024M) 4.237ms
[2023-03-29T06:14:17.973+0530][gc,cpu        ] GC(5) User=0.03s Sys=0.00s Real=0.00s
[2023-03-29T06:15:34.705+0530][gc,start      ] GC(6) Pause Young (Normal) (G1 Evacuation Pause)
[2023-03-29T06:15:34.705+0530][gc,task       ] GC(6) Using 10 workers of 10 for evacuation
[2023-03-29T06:15:34.712+0530][gc,phases     ] GC(6)   Pre Evacuate Collection Set: 0.0ms
[2023-03-29T06:15:34.712+0530][gc,phases     ] GC(6)   Evacuate Collection Set: 5.4ms
[2023-03-29T06:15:34.712+0530][gc,phases     ] GC(6)   Post Evacuate Collection Set: 0.9ms
[2023-03-29T06:15:34.712+0530][gc,phases     ] GC(6)   Other: 0.4ms
[2023-03-29T06:15:34.712+0530][gc,heap       ] GC(6) Eden regions: 44->0(48)
[2023-03-29T06:15:34.712+0530][gc,heap       ] GC(6) Survivor regions: 7->3(7)
[2023-03-29T06:15:34.712+0530][gc,heap       ] GC(6) Old regions: 7->14
[2023-03-29T06:15:34.712+0530][gc,heap       ] GC(6) Humongous regions: 129->129
[2023-03-29T06:15:34.712+0530][gc,metaspace  ] GC(6) Metaspace: 48929K(51504K)->48929K(51504K) NonClass: 42929K(44208K)->42929K(44208K) Class: 6000K(7296K)->6000K(7296K)
[2023-03-29T06:15:34.712+0530][gc            ] GC(6) Pause Young (Normal) (G1 Evacuation Pause) 186M->145M(1024M) 6.839ms
[2023-03-29T06:15:34.712+0530][gc,cpu        ] GC(6) User=0.05s Sys=0.01s Real=0.01s
[2023-03-29T06:18:01.187+0530][gc,start      ] GC(7) Pause Young (Normal) (G1 Evacuation Pause)
[2023-03-29T06:18:01.188+0530][gc,task       ] GC(7) Using 10 workers of 10 for evacuation
[2023-03-29T06:18:01.206+0530][gc,phases     ] GC(7)   Pre Evacuate Collection Set: 5.3ms
[2023-03-29T06:18:01.206+0530][gc,phases     ] GC(7)   Evacuate Collection Set: 11.1ms
[2023-03-29T06:18:01.206+0530][gc,phases     ] GC(7)   Post Evacuate Collection Set: 1.0ms
[2023-03-29T06:18:01.206+0530][gc,phases     ] GC(7)   Other: 1.2ms
[2023-03-29T06:18:01.206+0530][gc,heap       ] GC(7) Eden regions: 48->0(44)
[2023-03-29T06:18:01.206+0530][gc,heap       ] GC(7) Survivor regions: 3->7(7)
[2023-03-29T06:18:01.206+0530][gc,heap       ] GC(7) Old regions: 14->14
[2023-03-29T06:18:01.206+0530][gc,heap       ] GC(7) Humongous regions: 129->129
[2023-03-29T06:18:01.206+0530][gc,metaspace  ] GC(7) Metaspace: 50902K(53680K)->50902K(53680K) NonClass: 44640K(46000K)->44640K(46000K) Class: 6262K(7680K)->6262K(7680K)
[2023-03-29T06:18:01.206+0530][gc            ] GC(7) Pause Young (Normal) (G1 Evacuation Pause) 193M->148M(1024M) 18.561ms
[2023-03-29T06:18:01.206+0530][gc,cpu        ] GC(7) User=0.04s Sys=0.08s Real=0.02s
[2023-03-29T06:20:50.372+0530][gc,start      ] GC(8) Pause Young (Normal) (G1 Evacuation Pause)
[2023-03-29T06:20:50.372+0530][gc,task       ] GC(8) Using 10 workers of 10 for evacuation
[2023-03-29T06:20:50.380+0530][gc,phases     ] GC(8)   Pre Evacuate Collection Set: 0.1ms
[2023-03-29T06:20:50.380+0530][gc,phases     ] GC(8)   Evacuate Collection Set: 7.7ms
[2023-03-29T06:20:50.380+0530][gc,phases     ] GC(8)   Post Evacuate Collection Set: 0.5ms
[2023-03-29T06:20:50.380+0530][gc,phases     ] GC(8)   Other: 0.3ms
[2023-03-29T06:20:50.380+0530][gc,heap       ] GC(8) Eden regions: 44->0(46)
[2023-03-29T06:20:50.380+0530][gc,heap       ] GC(8) Survivor regions: 7->5(7)
[2023-03-29T06:20:50.380+0530][gc,heap       ] GC(8) Old regions: 14->20
[2023-03-29T06:20:50.380+0530][gc,heap       ] GC(8) Humongous regions: 129->129
[2023-03-29T06:20:50.380+0530][gc,metaspace  ] GC(8) Metaspace: 51459K(54448K)->51459K(54448K) NonClass: 45182K(46768K)->45182K(46768K) Class: 6276K(7680K)->6276K(7680K)
[2023-03-29T06:20:50.380+0530][gc            ] GC(8) Pause Young (Normal) (G1 Evacuation Pause) 192M->152M(1024M) 8.561ms
[2023-03-29T06:20:50.380+0530][gc,cpu        ] GC(8) User=0.06s Sys=0.02s Real=0.01s
[2023-03-29T06:23:54.427+0530][gc,start      ] GC(9) Pause Young (Normal) (G1 Evacuation Pause)
[2023-03-29T06:23:54.435+0530][gc,task       ] GC(9) Using 10 workers of 10 for evacuation
[2023-03-29T06:23:54.441+0530][gc,phases     ] GC(9)   Pre Evacuate Collection Set: 0.0ms
[2023-03-29T06:23:54.441+0530][gc,phases     ] GC(9)   Evacuate Collection Set: 5.3ms
[2023-03-29T06:23:54.441+0530][gc,phases     ] GC(9)   Post Evacuate Collection Set: 0.7ms
[2023-03-29T06:23:54.441+0530][gc,phases     ] GC(9)   Other: 7.8ms
[2023-03-29T06:23:54.441+0530][gc,heap       ] GC(9) Eden regions: 46->0(46)
[2023-03-29T06:23:54.441+0530][gc,heap       ] GC(9) Survivor regions: 5->5(7)
[2023-03-29T06:23:54.441+0530][gc,heap       ] GC(9) Old regions: 20->24
[2023-03-29T06:23:54.441+0530][gc,heap       ] GC(9) Humongous regions: 129->129
[2023-03-29T06:23:54.441+0530][gc,metaspace  ] GC(9) Metaspace: 51536K(54448K)->51536K(54448K) NonClass: 45259K(46768K)->45259K(46768K) Class: 6276K(7680K)->6276K(7680K)
[2023-03-29T06:23:54.441+0530][gc            ] GC(9) Pause Young (Normal) (G1 Evacuation Pause) 198M->156M(1024M) 14.012ms
[2023-03-29T06:23:54.441+0530][gc,cpu        ] GC(9) User=0.04s Sys=0.01s Real=0.02s
[2023-03-29T06:26:29.467+0530][gc,start      ] GC(10) Pause Young (Normal) (G1 Evacuation Pause)
[2023-03-29T06:26:29.474+0530][gc,task       ] GC(10) Using 10 workers of 10 for evacuation
[2023-03-29T06:26:29.480+0530][gc,phases     ] GC(10)   Pre Evacuate Collection Set: 0.2ms
[2023-03-29T06:26:29.480+0530][gc,phases     ] GC(10)   Evacuate Collection Set: 4.8ms
[2023-03-29T06:26:29.480+0530][gc,phases     ] GC(10)   Post Evacuate Collection Set: 0.8ms
[2023-03-29T06:26:29.480+0530][gc,phases     ] GC(10)   Other: 7.8ms
[2023-03-29T06:26:29.480+0530][gc,heap       ] GC(10) Eden regions: 46->0(47)
[2023-03-29T06:26:29.480+0530][gc,heap       ] GC(10) Survivor regions: 5->5(7)
[2023-03-29T06:26:29.480+0530][gc,heap       ] GC(10) Old regions: 24->25
[2023-03-29T06:26:29.480+0530][gc,heap       ] GC(10) Humongous regions: 129->129
[2023-03-29T06:26:29.480+0530][gc,metaspace  ] GC(10) Metaspace: 52087K(55088K)->52087K(55088K) NonClass: 45703K(47280K)->45703K(47280K) Class: 6384K(7808K)->6384K(7808K)
[2023-03-29T06:26:29.480+0530][gc            ] GC(10) Pause Young (Normal) (G1 Evacuation Pause) 202M->157M(1024M) 13.756ms
[2023-03-29T06:26:29.480+0530][gc,cpu        ] GC(10) User=0.05s Sys=0.00s Real=0.02s
[2023-03-29T06:27:58.386+0530][gc,start      ] GC(11) Pause Young (Normal) (G1 Evacuation Pause)
[2023-03-29T06:27:58.387+0530][gc,task       ] GC(11) Using 10 workers of 10 for evacuation
[2023-03-29T06:27:58.394+0530][gc,phases     ] GC(11)   Pre Evacuate Collection Set: 0.1ms
[2023-03-29T06:27:58.394+0530][gc,phases     ] GC(11)   Evacuate Collection Set: 6.3ms
[2023-03-29T06:27:58.394+0530][gc,phases     ] GC(11)   Post Evacuate Collection Set: 0.7ms
[2023-03-29T06:27:58.394+0530][gc,phases     ] GC(11)   Other: 0.3ms
[2023-03-29T06:27:58.394+0530][gc,heap       ] GC(11) Eden regions: 46->0(53)
[2023-03-29T06:27:58.394+0530][gc,heap       ] GC(11) Survivor regions: 5->4(7)
[2023-03-29T06:27:58.394+0530][gc,heap       ] GC(11) Old regions: 25->29
[2023-03-29T06:27:58.394+0530][gc,heap       ] GC(11) Humongous regions: 129->129
[2023-03-29T06:27:58.394+0530][gc,metaspace  ] GC(11) Metaspace: 52950K(56240K)->52950K(56240K) NonClass: 46348K(48048K)->46348K(48048K) Class: 6601K(8192K)->6601K(8192K)
[2023-03-29T06:27:58.394+0530][gc            ] GC(11) Pause Young (Normal) (G1 Evacuation Pause) 203M->161M(1024M) 7.530ms
[2023-03-29T06:27:58.394+0530][gc,cpu        ] GC(11) User=0.06s Sys=0.00s Real=0.01s
[2023-03-29T06:30:17.297+0530][gc,start      ] GC(12) Pause Young (Normal) (G1 Evacuation Pause)
[2023-03-29T06:30:17.297+0530][gc,task       ] GC(12) Using 10 workers of 10 for evacuation
[2023-03-29T06:30:17.302+0530][gc,phases     ] GC(12)   Pre Evacuate Collection Set: 0.0ms
[2023-03-29T06:30:17.302+0530][gc,phases     ] GC(12)   Evacuate Collection Set: 3.7ms
[2023-03-29T06:30:17.302+0530][gc,phases     ] GC(12)   Post Evacuate Collection Set: 0.4ms
[2023-03-29T06:30:17.302+0530][gc,phases     ] GC(12)   Other: 0.5ms
[2023-03-29T06:30:17.302+0530][gc,heap       ] GC(12) Eden regions: 51->0(55)
[2023-03-29T06:30:17.302+0530][gc,heap       ] GC(12) Survivor regions: 4->3(7)
[2023-03-29T06:30:17.302+0530][gc,heap       ] GC(12) Old regions: 29->31
[2023-03-29T06:30:17.302+0530][gc,heap       ] GC(12) Humongous regions: 129->129
[2023-03-29T06:30:17.302+0530][gc,metaspace  ] GC(12) Metaspace: 53413K(56496K)->53413K(56496K) NonClass: 46756K(48304K)->46756K(48304K) Class: 6657K(8192K)->6657K(8192K)
[2023-03-29T06:30:17.302+0530][gc            ] GC(12) Pause Young (Normal) (G1 Evacuation Pause) 212M->162M(1024M) 4.548ms
[2023-03-29T06:30:17.302+0530][gc,cpu        ] GC(12) User=0.03s Sys=0.01s Real=0.01s
[2023-03-29T06:33:25.109+0530][gc,start      ] GC(13) Pause Young (Normal) (G1 Evacuation Pause)
[2023-03-29T06:33:25.109+0530][gc,task       ] GC(13) Using 10 workers of 10 for evacuation
[2023-03-29T06:33:25.116+0530][gc,phases     ] GC(13)   Pre Evacuate Collection Set: 0.0ms
[2023-03-29T06:33:25.116+0530][gc,phases     ] GC(13)   Evacuate Collection Set: 6.2ms
[2023-03-29T06:33:25.116+0530][gc,phases     ] GC(13)   Post Evacuate Collection Set: 0.7ms
[2023-03-29T06:33:25.116+0530][gc,phases     ] GC(13)   Other: 0.3ms
[2023-03-29T06:33:25.116+0530][gc,heap       ] GC(13) Eden regions: 55->0(58)
[2023-03-29T06:33:25.116+0530][gc,heap       ] GC(13) Survivor regions: 3->7(8)
[2023-03-29T06:33:25.116+0530][gc,heap       ] GC(13) Old regions: 31->31
[2023-03-29T06:33:25.116+0530][gc,heap       ] GC(13) Humongous regions: 129->129
[2023-03-29T06:33:25.116+0530][gc,metaspace  ] GC(13) Metaspace: 53673K(56752K)->53673K(56752K) NonClass: 47001K(48560K)->47001K(48560K) Class: 6671K(8192K)->6671K(8192K)
[2023-03-29T06:33:25.116+0530][gc            ] GC(13) Pause Young (Normal) (G1 Evacuation Pause) 217M->166M(1024M) 7.395ms
[2023-03-29T06:33:25.116+0530][gc,cpu        ] GC(13) User=0.05s Sys=0.01s Real=0.00s
[2023-03-29T06:36:38.038+0530][gc,start      ] GC(14) Pause Young (Normal) (G1 Evacuation Pause)
[2023-03-29T06:36:38.045+0530][gc,task       ] GC(14) Using 10 workers of 10 for evacuation
[2023-03-29T06:36:38.051+0530][gc,phases     ] GC(14)   Pre Evacuate Collection Set: 0.2ms
[2023-03-29T06:36:38.051+0530][gc,phases     ] GC(14)   Evacuate Collection Set: 4.9ms
[2023-03-29T06:36:38.051+0530][gc,phases     ] GC(14)   Post Evacuate Collection Set: 0.7ms
[2023-03-29T06:36:38.051+0530][gc,phases     ] GC(14)   Other: 7.8ms
[2023-03-29T06:36:38.051+0530][gc,heap       ] GC(14) Eden regions: 58->0(64)
[2023-03-29T06:36:38.051+0530][gc,heap       ] GC(14) Survivor regions: 7->5(9)
[2023-03-29T06:36:38.051+0530][gc,heap       ] GC(14) Old regions: 31->32
[2023-03-29T06:36:38.051+0530][gc,heap       ] GC(14) Humongous regions: 129->129
[2023-03-29T06:36:38.051+0530][gc,metaspace  ] GC(14) Metaspace: 53817K(57008K)->53817K(57008K) NonClass: 47144K(48816K)->47144K(48816K) Class: 6673K(8192K)->6673K(8192K)
[2023-03-29T06:36:38.051+0530][gc            ] GC(14) Pause Young (Normal) (G1 Evacuation Pause) 224M->164M(1024M) 13.597ms
[2023-03-29T06:36:38.052+0530][gc,cpu        ] GC(14) User=0.04s Sys=0.01s Real=0.01s
[2023-03-29T06:40:42.616+0530][gc,start      ] GC(15) Pause Young (Normal) (G1 Evacuation Pause)
[2023-03-29T06:40:42.624+0530][gc,task       ] GC(15) Using 10 workers of 10 for evacuation
[2023-03-29T06:40:42.631+0530][gc,phases     ] GC(15)   Pre Evacuate Collection Set: 0.1ms
[2023-03-29T06:40:42.631+0530][gc,phases     ] GC(15)   Evacuate Collection Set: 6.2ms
[2023-03-29T06:40:42.631+0530][gc,phases     ] GC(15)   Post Evacuate Collection Set: 0.4ms
[2023-03-29T06:40:42.631+0530][gc,phases     ] GC(15)   Other: 8.1ms
[2023-03-29T06:40:42.631+0530][gc,heap       ] GC(15) Eden regions: 64->0(123)
[2023-03-29T06:40:42.631+0530][gc,heap       ] GC(15) Survivor regions: 5->9(9)
[2023-03-29T06:40:42.631+0530][gc,heap       ] GC(15) Old regions: 32->32
[2023-03-29T06:40:42.631+0530][gc,heap       ] GC(15) Humongous regions: 129->129
[2023-03-29T06:40:42.631+0530][gc,metaspace  ] GC(15) Metaspace: 53843K(57008K)->53843K(57008K) NonClass: 47169K(48816K)->47169K(48816K) Class: 6674K(8192K)->6674K(8192K)
[2023-03-29T06:40:42.631+0530][gc            ] GC(15) Pause Young (Normal) (G1 Evacuation Pause) 228M->169M(1024M) 14.926ms
[2023-03-29T06:40:42.631+0530][gc,cpu        ] GC(15) User=0.05s Sys=0.01s Real=0.02s
[2023-03-29T06:48:40.558+0530][gc,start      ] GC(16) Pause Young (Normal) (G1 Evacuation Pause)
[2023-03-29T06:48:40.559+0530][gc,task       ] GC(16) Using 10 workers of 10 for evacuation
[2023-03-29T06:48:40.580+0530][gc,mmu        ] GC(16) MMU target violated: 21.0ms (20.0ms/21.0ms)
[2023-03-29T06:48:40.580+0530][gc,phases     ] GC(16)   Pre Evacuate Collection Set: 3.1ms
[2023-03-29T06:48:40.580+0530][gc,phases     ] GC(16)   Evacuate Collection Set: 17.3ms
[2023-03-29T06:48:40.580+0530][gc,phases     ] GC(16)   Post Evacuate Collection Set: 0.7ms
[2023-03-29T06:48:40.580+0530][gc,phases     ] GC(16)   Other: 0.8ms
[2023-03-29T06:48:40.580+0530][gc,heap       ] GC(16) Eden regions: 123->0(110)
[2023-03-29T06:48:40.580+0530][gc,heap       ] GC(16) Survivor regions: 9->12(17)
[2023-03-29T06:48:40.580+0530][gc,heap       ] GC(16) Old regions: 32->33
[2023-03-29T06:48:40.580+0530][gc,heap       ] GC(16) Humongous regions: 129->129
[2023-03-29T06:48:40.580+0530][gc,metaspace  ] GC(16) Metaspace: 53877K(57008K)->53877K(57008K) NonClass: 47196K(48816K)->47196K(48816K) Class: 6680K(8192K)->6680K(8192K)
[2023-03-29T06:48:40.580+0530][gc            ] GC(16) Pause Young (Normal) (G1 Evacuation Pause) 292M->172M(1024M) 21.855ms
[2023-03-29T06:48:40.580+0530][gc,cpu        ] GC(16) User=0.11s Sys=0.02s Real=0.02s
[2023-03-29T06:55:48.793+0530][gc,start      ] GC(17) Pause Young (Normal) (G1 Evacuation Pause)
[2023-03-29T06:55:48.801+0530][gc,task       ] GC(17) Using 10 workers of 10 for evacuation
[2023-03-29T06:55:48.817+0530][gc,phases     ] GC(17)   Pre Evacuate Collection Set: 5.0ms
[2023-03-29T06:55:48.817+0530][gc,phases     ] GC(17)   Evacuate Collection Set: 9.6ms
[2023-03-29T06:55:48.817+0530][gc,phases     ] GC(17)   Post Evacuate Collection Set: 0.5ms
[2023-03-29T06:55:48.817+0530][gc,phases     ] GC(17)   Other: 8.6ms
[2023-03-29T06:55:48.817+0530][gc,heap       ] GC(17) Eden regions: 110->0(122)
[2023-03-29T06:55:48.817+0530][gc,heap       ] GC(17) Survivor regions: 12->9(16)
[2023-03-29T06:55:48.817+0530][gc,heap       ] GC(17) Old regions: 33->37
[2023-03-29T06:55:48.817+0530][gc,heap       ] GC(17) Humongous regions: 129->129
[2023-03-29T06:55:48.817+0530][gc,metaspace  ] GC(17) Metaspace: 53933K(57008K)->53933K(57008K) NonClass: 47252K(48816K)->47252K(48816K) Class: 6680K(8192K)->6680K(8192K)
[2023-03-29T06:55:48.821+0530][gc            ] GC(17) Pause Young (Normal) (G1 Evacuation Pause) 282M->173M(1024M) 23.816ms
[2023-03-29T06:55:48.821+0530][gc,cpu        ] GC(17) User=0.07s Sys=0.03s Real=0.03s
[2023-03-29T07:03:46.766+0530][gc,start      ] GC(18) Pause Young (Normal) (G1 Evacuation Pause)
[2023-03-29T07:03:46.766+0530][gc,task       ] GC(18) Using 10 workers of 10 for evacuation
[2023-03-29T07:03:46.773+0530][gc,phases     ] GC(18)   Pre Evacuate Collection Set: 0.1ms
[2023-03-29T07:03:46.773+0530][gc,phases     ] GC(18)   Evacuate Collection Set: 5.6ms
[2023-03-29T07:03:46.773+0530][gc,phases     ] GC(18)   Post Evacuate Collection Set: 1.0ms
[2023-03-29T07:03:46.773+0530][gc,phases     ] GC(18)   Other: 0.5ms
[2023-03-29T07:03:46.773+0530][gc,heap       ] GC(18) Eden regions: 122->0(130)
[2023-03-29T07:03:46.773+0530][gc,heap       ] GC(18) Survivor regions: 9->10(17)
[2023-03-29T07:03:46.773+0530][gc,heap       ] GC(18) Old regions: 37->37
[2023-03-29T07:03:46.773+0530][gc,heap       ] GC(18) Humongous regions: 129->129
[2023-03-29T07:03:46.773+0530][gc,metaspace  ] GC(18) Metaspace: 53973K(57264K)->53973K(57264K) NonClass: 47292K(49072K)->47292K(49072K) Class: 6680K(8192K)->6680K(8192K)
[2023-03-29T07:03:46.773+0530][gc            ] GC(18) Pause Young (Normal) (G1 Evacuation Pause) 295M->174M(1024M) 7.534ms
[2023-03-29T07:03:46.773+0530][gc,cpu        ] GC(18) User=0.05s Sys=0.00s Real=0.01s
[2023-03-29T07:12:13.854+0530][gc,start      ] GC(19) Pause Young (Normal) (G1 Evacuation Pause)
[2023-03-29T07:12:13.862+0530][gc,task       ] GC(19) Using 10 workers of 10 for evacuation
[2023-03-29T07:12:13.871+0530][gc,phases     ] GC(19)   Pre Evacuate Collection Set: 0.0ms
[2023-03-29T07:12:13.871+0530][gc,phases     ] GC(19)   Evacuate Collection Set: 8.8ms
[2023-03-29T07:12:13.871+0530][gc,phases     ] GC(19)   Post Evacuate Collection Set: 0.7ms
[2023-03-29T07:12:13.871+0530][gc,phases     ] GC(19)   Other: 7.8ms
[2023-03-29T07:12:13.871+0530][gc,heap       ] GC(19) Eden regions: 130->0(153)
[2023-03-29T07:12:13.871+0530][gc,heap       ] GC(19) Survivor regions: 10->12(18)
[2023-03-29T07:12:13.871+0530][gc,heap       ] GC(19) Old regions: 37->37
[2023-03-29T07:12:13.871+0530][gc,heap       ] GC(19) Humongous regions: 129->129
[2023-03-29T07:12:13.871+0530][gc,metaspace  ] GC(19) Metaspace: 53987K(57264K)->53987K(57264K) NonClass: 47307K(49072K)->47307K(49072K) Class: 6680K(8192K)->6680K(8192K)
[2023-03-29T07:12:13.872+0530][gc            ] GC(19) Pause Young (Normal) (G1 Evacuation Pause) 304M->176M(1024M) 17.496ms
[2023-03-29T07:12:13.872+0530][gc,cpu        ] GC(19) User=0.06s Sys=0.01s Real=0.02s
[2023-03-29T07:21:25.311+0530][gc,start      ] GC(20) Pause Young (Normal) (G1 Evacuation Pause)
[2023-03-29T07:21:25.311+0530][gc,task       ] GC(20) Using 10 workers of 10 for evacuation
[2023-03-29T07:21:25.322+0530][gc,phases     ] GC(20)   Pre Evacuate Collection Set: 0.2ms
[2023-03-29T07:21:25.322+0530][gc,phases     ] GC(20)   Evacuate Collection Set: 9.5ms
[2023-03-29T07:21:25.322+0530][gc,phases     ] GC(20)   Post Evacuate Collection Set: 0.5ms
[2023-03-29T07:21:25.322+0530][gc,phases     ] GC(20)   Other: 0.6ms
[2023-03-29T07:21:25.322+0530][gc,heap       ] GC(20) Eden regions: 153->0(225)
[2023-03-29T07:21:25.322+0530][gc,heap       ] GC(20) Survivor regions: 12->16(21)
[2023-03-29T07:21:25.322+0530][gc,heap       ] GC(20) Old regions: 37->38
[2023-03-29T07:21:25.322+0530][gc,heap       ] GC(20) Humongous regions: 129->129
[2023-03-29T07:21:25.322+0530][gc,metaspace  ] GC(20) Metaspace: 54683K(58160K)->54683K(58160K) NonClass: 47819K(49584K)->47819K(49584K) Class: 6863K(8576K)->6863K(8576K)
[2023-03-29T07:21:25.322+0530][gc            ] GC(20) Pause Young (Normal) (G1 Evacuation Pause) 329M->182M(1024M) 10.847ms
[2023-03-29T07:21:25.322+0530][gc,cpu        ] GC(20) User=0.08s Sys=0.01s Real=0.01s
[2023-03-29T07:21:25.347+0530][gc,heap,exit  ] Heap
[2023-03-29T07:21:25.347+0530][gc,heap,exit  ]  garbage-first heap   total 1048576K, used 190120K [0x00000000c0000000, 0x0000000100000000)
[2023-03-29T07:21:25.347+0530][gc,heap,exit  ]   region size 1024K, 20 young (20480K), 16 survivors (16384K)
[2023-03-29T07:21:25.347+0530][gc,heap,exit  ]  Metaspace       used 54770K, capacity 58021K, committed 58160K, reserved 1099776K
[2023-03-29T07:21:25.347+0530][gc,heap,exit  ]   class space    used 6888K, capacity 8495K, committed 8576K, reserved 1048576K
