[2023-03-29T06:14:04.724+0530][gc,heap] Heap region size: 1M
[2023-03-29T06:14:04.731+0530][gc     ] Using G1
[2023-03-29T06:14:04.731+0530][gc,heap,coops] Heap address: 0x00000000e0000000, size: 512 MB, Compressed Oops mode: 32-bit
[2023-03-29T06:14:05.733+0530][gc,start     ] GC(0) Pause Young (Normal) (G1 Evacuation Pause)
[2023-03-29T06:14:05.734+0530][gc,task      ] GC(0) Using 10 workers of 10 for evacuation
[2023-03-29T06:14:05.743+0530][gc,phases    ] GC(0)   Pre Evacuate Collection Set: 0.0ms
[2023-03-29T06:14:05.743+0530][gc,phases    ] GC(0)   Evacuate Collection Set: 7.9ms
[2023-03-29T06:14:05.743+0530][gc,phases    ] GC(0)   Post Evacuate Collection Set: 0.6ms
[2023-03-29T06:14:05.743+0530][gc,phases    ] GC(0)   Other: 1.2ms
[2023-03-29T06:14:05.743+0530][gc,heap      ] GC(0) Eden regions: 25->0(21)
[2023-03-29T06:14:05.743+0530][gc,heap      ] GC(0) Survivor regions: 0->4(4)
[2023-03-29T06:14:05.743+0530][gc,heap      ] GC(0) Old regions: 0->4
[2023-03-29T06:14:05.743+0530][gc,heap      ] GC(0) Humongous regions: 0->0
[2023-03-29T06:14:05.743+0530][gc,metaspace ] GC(0) Metaspace: 15031K(15488K)->15031K(15488K) NonClass: 13548K(13824K)->13548K(13824K) Class: 1483K(1664K)->1483K(1664K)
[2023-03-29T06:14:05.743+0530][gc           ] GC(0) Pause Young (Normal) (G1 Evacuation Pause) 25M->7M(512M) 9.773ms
[2023-03-29T06:14:05.743+0530][gc,cpu       ] GC(0) User=0.05s Sys=0.01s Real=0.01s
[2023-03-29T06:27:57.948+0530][gc,start     ] GC(1) Pause Young (Normal) (G1 Evacuation Pause)
[2023-03-29T06:27:57.948+0530][gc,task      ] GC(1) Using 10 workers of 10 for evacuation
[2023-03-29T06:27:57.965+0530][gc,phases    ] GC(1)   Pre Evacuate Collection Set: 2.7ms
[2023-03-29T06:27:57.965+0530][gc,phases    ] GC(1)   Evacuate Collection Set: 12.6ms
[2023-03-29T06:27:57.965+0530][gc,phases    ] GC(1)   Post Evacuate Collection Set: 0.9ms
[2023-03-29T06:27:57.965+0530][gc,phases    ] GC(1)   Other: 0.7ms
[2023-03-29T06:27:57.965+0530][gc,heap      ] GC(1) Eden regions: 21->0(23)
[2023-03-29T06:27:57.965+0530][gc,heap      ] GC(1) Survivor regions: 4->2(4)
[2023-03-29T06:27:57.965+0530][gc,heap      ] GC(1) Old regions: 4->8
[2023-03-29T06:27:57.965+0530][gc,heap      ] GC(1) Humongous regions: 0->0
[2023-03-29T06:27:57.965+0530][gc,metaspace ] GC(1) Metaspace: 17041K(17664K)->17041K(17664K) NonClass: 15395K(15872K)->15395K(15872K) Class: 1645K(1792K)->1645K(1792K)
[2023-03-29T06:27:57.965+0530][gc           ] GC(1) Pause Young (Normal) (G1 Evacuation Pause) 28M->8M(512M) 17.076ms
[2023-03-29T06:27:57.965+0530][gc,cpu       ] GC(1) User=0.05s Sys=0.08s Real=0.01s
[2023-03-29T07:21:24.821+0530][gc,heap,exit ] Heap
[2023-03-29T07:21:24.824+0530][gc,heap,exit ]  garbage-first heap   total 524288K, used 23768K [0x00000000e0000000, 0x0000000100000000)
[2023-03-29T07:21:24.824+0530][gc,heap,exit ]   region size 1024K, 18 young (18432K), 2 survivors (2048K)
[2023-03-29T07:21:24.824+0530][gc,heap,exit ]  Metaspace       used 17199K, capacity 17559K, committed 17664K, reserved 1064960K
[2023-03-29T07:21:24.824+0530][gc,heap,exit ]   class space    used 1647K, capacity 1792K, committed 1792K, reserved 1048576K
