[2023-03-25T23:44:59.636+0530][gc] Using G1
[2023-03-25T23:44:59.641+0530][gc,init] Version: 17.0.6+10 (release)
[2023-03-25T23:44:59.641+0530][gc,init] CPUs: 12 total, 12 available
[2023-03-25T23:44:59.641+0530][gc,init] Memory: 7305M
[2023-03-25T23:44:59.641+0530][gc,init] Large Page Support: Disabled
[2023-03-25T23:44:59.641+0530][gc,init] NUMA Support: Disabled
[2023-03-25T23:44:59.641+0530][gc,init] Compressed Oops: Enabled (32-bit)
[2023-03-25T23:44:59.641+0530][gc,init] Heap Region Size: 1M
[2023-03-25T23:44:59.641+0530][gc,init] Heap Min Capacity: 512M
[2023-03-25T23:44:59.641+0530][gc,init] Heap Initial Capacity: 512M
[2023-03-25T23:44:59.641+0530][gc,init] Heap Max Capacity: 512M
[2023-03-25T23:44:59.641+0530][gc,init] Pre-touch: Disabled
[2023-03-25T23:44:59.641+0530][gc,init] Parallel Workers: 10
[2023-03-25T23:44:59.641+0530][gc,init] Concurrent Workers: 3
[2023-03-25T23:44:59.641+0530][gc,init] Concurrent Refinement Workers: 10
[2023-03-25T23:44:59.641+0530][gc,init] Periodic GC: Disabled
[2023-03-25T23:44:59.641+0530][gc,metaspace] CDS archive(s) mapped at: [0x0000000800000000-0x0000000800be1000-0x0000000800be1000), size 12455936, SharedBaseAddress: 0x0000000800000000, ArchiveRelocationMode: 0.
[2023-03-25T23:44:59.641+0530][gc,metaspace] Compressed class space mapped at: 0x0000000800c00000-0x0000000840c00000, reserved size: 1073741824
[2023-03-25T23:44:59.641+0530][gc,metaspace] Narrow klass base: 0x0000000800000000, Narrow klass shift: 0, Narrow klass range: 0x100000000
[2023-03-25T23:48:13.536+0530][gc,start    ] GC(0) Pause Young (Normal) (G1 Evacuation Pause)
[2023-03-25T23:48:13.537+0530][gc,task     ] GC(0) Using 10 workers of 10 for evacuation
[2023-03-25T23:48:13.541+0530][gc,phases   ] GC(0)   Pre Evacuate Collection Set: 0.1ms
[2023-03-25T23:48:13.541+0530][gc,phases   ] GC(0)   Merge Heap Roots: 0.1ms
[2023-03-25T23:48:13.541+0530][gc,phases   ] GC(0)   Evacuate Collection Set: 3.0ms
[2023-03-25T23:48:13.541+0530][gc,phases   ] GC(0)   Post Evacuate Collection Set: 0.8ms
[2023-03-25T23:48:13.541+0530][gc,phases   ] GC(0)   Other: 1.6ms
[2023-03-25T23:48:13.541+0530][gc,heap     ] GC(0) Eden regions: 25->0(21)
[2023-03-25T23:48:13.541+0530][gc,heap     ] GC(0) Survivor regions: 0->4(4)
[2023-03-25T23:48:13.541+0530][gc,heap     ] GC(0) Old regions: 0->3
[2023-03-25T23:48:13.541+0530][gc,heap     ] GC(0) Archive regions: 2->2
[2023-03-25T23:48:13.541+0530][gc,heap     ] GC(0) Humongous regions: 0->0
[2023-03-25T23:48:13.541+0530][gc,metaspace] GC(0) Metaspace: 7959K(8128K)->7959K(8128K) NonClass: 7065K(7168K)->7065K(7168K) Class: 893K(960K)->893K(960K)
[2023-03-25T23:48:13.541+0530][gc          ] GC(0) Pause Young (Normal) (G1 Evacuation Pause) 25M->7M(512M) 5.789ms
[2023-03-25T23:48:13.541+0530][gc,cpu      ] GC(0) User=0.01s Sys=0.02s Real=0.01s
