[2023-03-26T02:19:44.752+0530][gc] Using G1
[2023-03-26T02:19:44.757+0530][gc,init] Version: 17.0.6+10 (release)
[2023-03-26T02:19:44.757+0530][gc,init] CPUs: 12 total, 12 available
[2023-03-26T02:19:44.757+0530][gc,init] Memory: 7305M
[2023-03-26T02:19:44.757+0530][gc,init] Large Page Support: Disabled
[2023-03-26T02:19:44.757+0530][gc,init] NUMA Support: Disabled
[2023-03-26T02:19:44.757+0530][gc,init] Compressed Oops: Enabled (32-bit)
[2023-03-26T02:19:44.757+0530][gc,init] Heap Region Size: 1M
[2023-03-26T02:19:44.757+0530][gc,init] Heap Min Capacity: 512M
[2023-03-26T02:19:44.757+0530][gc,init] Heap Initial Capacity: 512M
[2023-03-26T02:19:44.757+0530][gc,init] Heap Max Capacity: 512M
[2023-03-26T02:19:44.757+0530][gc,init] Pre-touch: Disabled
[2023-03-26T02:19:44.757+0530][gc,init] Parallel Workers: 10
[2023-03-26T02:19:44.757+0530][gc,init] Concurrent Workers: 3
[2023-03-26T02:19:44.757+0530][gc,init] Concurrent Refinement Workers: 10
[2023-03-26T02:19:44.757+0530][gc,init] Periodic GC: Disabled
[2023-03-26T02:19:44.757+0530][gc,metaspace] CDS archive(s) mapped at: [0x0000000800000000-0x0000000800be1000-0x0000000800be1000), size 12455936, SharedBaseAddress: 0x0000000800000000, ArchiveRelocationMode: 0.
[2023-03-26T02:19:44.757+0530][gc,metaspace] Compressed class space mapped at: 0x0000000800c00000-0x0000000840c00000, reserved size: 1073741824
[2023-03-26T02:19:44.757+0530][gc,metaspace] Narrow klass base: 0x0000000800000000, Narrow klass shift: 0, Narrow klass range: 0x100000000
[2023-03-26T02:19:46.852+0530][gc,start    ] GC(0) Pause Young (Normal) (G1 Evacuation Pause)
[2023-03-26T02:19:46.853+0530][gc,task     ] GC(0) Using 10 workers of 10 for evacuation
[2023-03-26T02:19:46.857+0530][gc,phases   ] GC(0)   Pre Evacuate Collection Set: 0.1ms
[2023-03-26T02:19:46.857+0530][gc,phases   ] GC(0)   Merge Heap Roots: 0.1ms
[2023-03-26T02:19:46.857+0530][gc,phases   ] GC(0)   Evacuate Collection Set: 2.9ms
[2023-03-26T02:19:46.857+0530][gc,phases   ] GC(0)   Post Evacuate Collection Set: 0.8ms
[2023-03-26T02:19:46.857+0530][gc,phases   ] GC(0)   Other: 1.3ms
[2023-03-26T02:19:46.857+0530][gc,heap     ] GC(0) Eden regions: 25->0(21)
[2023-03-26T02:19:46.857+0530][gc,heap     ] GC(0) Survivor regions: 0->4(4)
[2023-03-26T02:19:46.857+0530][gc,heap     ] GC(0) Old regions: 0->4
[2023-03-26T02:19:46.857+0530][gc,heap     ] GC(0) Archive regions: 2->2
[2023-03-26T02:19:46.857+0530][gc,heap     ] GC(0) Humongous regions: 0->0
[2023-03-26T02:19:46.857+0530][gc,metaspace] GC(0) Metaspace: 8017K(8192K)->8017K(8192K) NonClass: 7126K(7232K)->7126K(7232K) Class: 890K(960K)->890K(960K)
[2023-03-26T02:19:46.857+0530][gc          ] GC(0) Pause Young (Normal) (G1 Evacuation Pause) 25M->8M(512M) 5.269ms
[2023-03-26T02:19:46.857+0530][gc,cpu      ] GC(0) User=0.03s Sys=0.01s Real=0.00s
[2023-03-26T02:20:13.653+0530][gc,heap,exit] Heap
[2023-03-26T02:20:13.653+0530][gc,heap,exit]  garbage-first heap   total 524288K, used 13441K [0x00000000e0000000, 0x0000000100000000)
[2023-03-26T02:20:13.653+0530][gc,heap,exit]   region size 1024K, 10 young (10240K), 4 survivors (4096K)
[2023-03-26T02:20:13.653+0530][gc,heap,exit]  Metaspace       used 8298K, committed 8512K, reserved 1056768K
[2023-03-26T02:20:13.653+0530][gc,heap,exit]   class space    used 921K, committed 1024K, reserved 1048576K
